[0;33;01m[running][0m top level command [0;32;01m[ok][0m  
