[0;33;01m[running][0m should execute [0;32;01m[ok][0m  
