[0;31;01m[error][0m command 'dottle_wrong' not found
