[0;32;01m[ok][0m ~/vimrc -> dottle/vimrc
[0;32;01m[ok][0m ~/config/ranger -> ../dottle/ranger
