[0;33;01m[running][0m Piping to file [0;32;01m[ok][0m  
