[0;33;01m[running][0m Doomed to fail [0;31;01m[error][0m  
