[0;33;01m[running][0m 2 should execute [0;32;01m[ok][0m  
[0;33;01m[running][0m 3 should execute [0;32;01m[ok][0m  
[0;33;01m[running][0m 5 should execute [0;32;01m[ok][0m  
[0;33;01m[running][0m 6 should execute [0;32;01m[ok][0m  
[0;33;01m[running][0m 11 should execute [0;32;01m[ok][0m  
