[0;31;01m[error][0m '~/config' doesn't exists. Quiting because create flag is not set
